2024-09-07 15:45:42,952 - GetCurAlarmMaxID   token:None
2024-09-07 15:50:57,478 - GetCurAlarmMaxID   token:None
2024-09-07 15:51:06,155 - GetCurAlarmMaxID   token:None
2024-09-07 15:51:18,839 - GetCurAlarmMaxID   token:None
2024-09-07 15:53:04,750 - GetCurAlarmList   token:None,pagesize:10,pagenum:1
2024-09-07 15:53:04,756 - GetCurAlarmList totaldata:[{'cnt': 0}]
2024-09-07 15:56:35,478 - GetCurAlarmList   token:None,pagesize:10,pagenum:1
2024-09-07 15:56:35,482 - GetCurAlarmList totaldata:[{'cnt': 0}]
2024-09-07 16:01:44,137 - GetCurAlarmList   token:None,pagesize:10,pagenum:1
2024-09-07 16:01:44,142 - GetCurAlarmList totaldata:[{'cnt': 0}]
2024-09-07 16:03:33,179 - GetCurAlarmList   token:None,pagesize:10,pagenum:1
2024-09-07 16:03:33,184 - GetCurAlarmList totaldata:[{'cnt': 0}]
2024-09-07 16:05:39,909 - GetCurAlarmList   token:None,pagesize:10,pagenum:1
2024-09-07 16:05:39,912 - GetCurAlarmList totaldata:[{'cnt': 0}]
2024-09-07 16:05:58,489 - GetCurAlarmList   token:None,pagesize:10,pagenum:1
2024-09-07 16:05:58,493 - GetCurAlarmList totaldata:[{'cnt': 0}]
2024-09-07 16:10:14,974 - GetCurAlarmList   token:None,pagesize:10,pagenum:1
2024-09-07 16:10:14,976 - GetCurAlarmList totaldata:[{'cnt': 0}]
2024-09-07 16:10:59,875 - GetCurAlarmList   token:None,pagesize:10,pagenum:1
2024-09-07 16:10:59,877 - GetCurAlarmList totaldata:[{'cnt': 0}]
2024-09-07 16:11:12,937 - GetCurAlarmList   token:None,pagesize:10,pagenum:1
2024-09-07 16:11:12,940 - GetCurAlarmList totaldata:[{'cnt': 0}]
2024-09-07 16:11:25,736 - GetCurAlarmList   token:None,pagesize:10,pagenum:1
2024-09-07 16:11:25,737 - GetCurAlarmList totaldata:[{'cnt': 0}]
2024-09-07 16:15:02,762 - GetCurAlarmList   token:None,pagesize:10,pagenum:1
2024-09-07 16:15:02,766 - getlist totaldata:[{'cnt': 0}]
2024-09-07 17:23:15,691 - GetCurAlarmList   token:None,pagesize:10,pagenum:1
2024-09-07 17:23:15,696 - getlist totaldata:[{'cnt': 22}]
2024-09-07 17:23:18,879 - GetCurAlarmList   token:None,pagesize:10,pagenum:1
2024-09-07 17:23:18,881 - getlist totaldata:[{'cnt': 7}]
2024-09-07 17:23:43,770 - GetCurAlarmList   token:None,pagesize:10,pagenum:1
2024-09-07 17:23:43,774 - getlist totaldata:[{'cnt': 15}]
2024-09-07 17:23:54,722 - GetCurAlarmList   token:None,pagesize:10,pagenum:1
2024-09-07 17:23:54,725 - getlist totaldata:[{'cnt': 7}]
2024-09-07 17:24:37,759 - GetCurAlarmList   token:None,pagesize:10,pagenum:1
2024-09-07 17:24:37,762 - getlist totaldata:[{'cnt': 7}]
2024-09-07 17:26:33,304 - GetCurAlarmList   token:None,pagesize:10,pagenum:1
2024-09-07 17:26:33,308 - getlist totaldata:[{'cnt': 7}]
2024-09-07 17:49:18,797 - GetCurAlarmList   token:None,pagesize:10,pagenum:1
2024-09-07 20:13:34,104 - UpdateMsgFlag   id:01,flag:1
2024-09-07 20:13:53,621 - UpdateMsgFlag   id:015,flag:1
2024-09-07 20:37:02,616 - AddStationInfo   stationname:zhangshnag信控,type:110,position:北京市丰台区
2024-09-07 20:41:56,785 - ModifyStationInfo   id:8, stationname:zhangshnag信控,type:220,position:北京市丰台区
2024-09-07 20:45:41,546 - AddStationInfo   stationname:zhangshnag信控,type:220,position:北京市丰台区
2024-09-07 20:46:07,292 - DeleteStationInfo   id:9
2024-09-07 20:47:04,041 - DeleteStationInfo   id:9
2024-09-07 20:54:06,522 - GetAllMsgFlagList   token:None,pagesize:10,pagenum:1
2024-09-07 20:54:06,525 - getlist totaldata:[{'cnt': 44}]
2024-09-07 21:13:41,114 - AddStationRoom   stationname:111111111111,position:1
2024-09-07 21:15:41,669 - AddStationRoom   roomname:111111111111,stationid:1
2024-09-07 21:16:10,478 - AddStationRoom   roomname:111111111111,stationid:1
2024-09-07 21:16:24,707 - AddStationRoom   roomname:111111111111,stationid:1
2024-09-07 21:18:02,124 - AddStationRoom   roomname:111111111111,stationid:1
2024-09-07 21:18:33,321 - AddStationRoom   roomname:111111111111,stationid:1
2024-09-07 21:18:48,312 - AddStationRoom   roomname:111111111111,stationid:1
2024-09-07 21:19:30,468 - AddStationRoom   roomname:111111111111,stationid:1
2024-09-07 21:20:37,741 - AddStationRoom   roomname:111111111111,stationid:1
2024-09-07 21:21:33,461 - AddStationRoom   roomname:111111111111,stationid:1
2024-09-07 21:21:39,817 - AddStationRoom   roomname:111111111111,stationid:1
2024-09-07 21:22:09,326 - AddStationRoom   roomname:111111111111,stationid:1
2024-09-07 21:22:39,338 - AddStationRoom   roomname:111111111111,stationid:1
2024-09-07 21:23:06,109 - AddStationRoom   roomname:111111111111,stationid:4
2024-09-07 21:24:00,699 - AddStationRoom   roomname:111111111111,stationid:4
2024-09-07 21:24:36,116 - AddStationRoom   roomname:111111111111,stationid:4
2024-09-07 21:27:47,260 - ModifyStationRoomInfo   id:5, stationid:4,roomname:1111111111112222222
2024-09-07 21:28:05,493 - ModifyStationRoomInfo   id:5, stationid:5,roomname:1111111111112222222
2024-09-07 21:28:28,381 - ModifyStationRoomInfo   id:50, stationid:5,roomname:1111111111112222222
2024-09-07 21:31:15,084 - DeleteStationRoom   id:50
2024-09-08 10:07:24,775 - GetStationDVRList   id:<built-in function id>
2024-09-08 10:08:08,639 - GetStationDVRList   stationid:5
2024-09-08 10:09:23,569 - GetStationDVRList   stationid:5
2024-09-08 10:09:48,247 - GetStationDVRList   stationid:5
2024-09-08 10:11:29,861 - AddStationDVR   dvr_id:0,dvr_name:11111111,ip:122222,port:1333,user:144444,pwd:155555,stationid:5
2024-09-08 10:12:18,238 - AddStationDVR   dvr_id:0,dvr_name:11111111,ip:122222,port:1333,user:144444,pwd:155555,stationid:5
2024-09-08 10:12:55,181 - AddStationDVR   dvr_id:0,dvr_name:11111111,ip:122222,port:1333,user:144444,pwd:155555,stationid:5
2024-09-08 10:14:45,409 - ModifyStationDVR   dvr_id:33,dvr_name:211111111,ip:2122222,port:21333,user:2144444,pwd:2155555,stationid:16
2024-09-08 10:15:10,250 - DeleteStationRoom   dvr_id:33
2024-09-08 10:15:41,222 - DeleteStationRoom   dvr_id:33
2024-09-08 10:15:58,068 - AddStationDVR   dvr_id:0,dvr_name:211111111,ip:2122222,port:21333,user:2144444,pwd:2155555,stationid:16
2024-09-08 10:38:04,449 - GetStationDVRCamList   stationid:33
2024-09-08 10:38:19,972 - GetStationDVRCamList   stationid:3
2024-09-08 10:38:39,404 - GetStationDVRCamList   stationid:25
2024-09-08 10:39:50,111 - AddStationDVRCam   camera_name:111111,dvr_id:25,channel:13,roomid:14,realserialnum:15
2024-09-08 10:40:24,965 - AddStationDVRCam   camera_id:173,camera_name:1111112,dvr_id:25,channel:132,roomid:142,realserialnum:152
2024-09-08 10:40:51,822 - DeleteStationDVRCam   camera_id:173
2024-09-08 10:41:10,732 - AddStationDVRCam   camera_name:1111112,dvr_id:25,channel:132,roomid:142,realserialnum:152
2024-09-08 11:13:20,728 - GetStationDevTypeList
2024-09-08 11:14:49,562 - AddStationDevType   devmodel:11111,cpu:1112,mem:1333,length:111.4,width:111.5 high:11.6,lannum:17,videotype:VGA/HDMI,
2024-09-08 11:15:43,736 - ModifyStationDevType   id:3,devmodel:11111,cpu:i7,mem:16G,length:111.41,width:111.51 high:11.61,lannum:27,videotype:VGA/HDMI/DP,
2024-09-08 11:16:07,720 - DeleteStationDevType   id:3
2024-09-08 11:16:25,635 - AddStationDevType   devmodel:11111,cpu:i7,mem:16G,length:111.41,width:111.51 high:11.61,lannum:27,videotype:VGA/HDMI/DP,
2024-09-08 15:03:18,003 - GetCurAlarmList   token:None,pagesize:10,pagenum:1
2024-09-08 15:03:54,146 - GetCurAlarmList   token:None,pagesize:10,pagenum:1
2024-09-08 15:04:28,764 - AddErrorTypeAlarm   errortype:1,errorname:测试测试111,alarmtype:1
2024-09-08 15:04:50,565 - DeleteErrorTypeAlarm   errortype:1
2024-09-08 15:10:14,904 - GetDetectDevChParamsList   devid:bj200325
2024-09-08 15:10:43,163 - GetDetectDevChParamsList   devid:bj200325
2024-09-08 15:11:15,461 - GetDetectDevChParamsList   devid:bj200325
2024-09-08 15:12:30,261 - GetDetectDevChParamsList   devid:bj200324
2024-09-08 15:14:16,356 - AddDetectDevChParams   devid:bj200324,devchannel:1,dvrinfoid:18,dvrchannel:17,state:16,ThredMultiple:15,SelThredMultipleEnable:14,LearnValOne:13,ThredMultipleOne:12,LearnValTwo:11,ThredMultipleTwo:12,LearnValThree:13,ThredMultipleThree:14,runenable:15
2024-09-08 15:22:40,367 - ModifyDetectDevChParams   id:225,devid:bj200324,devchannel:11,dvrinfoid:18,dvrchannel:17,state:16,ThredMultiple:15,SelThredMultipleEnable:14,LearnValOne:13,ThredMultipleOne:12,LearnValTwo:11,ThredMultipleTwo:12,LearnValThree:13,ThredMultipleThree:14,runenable:15
2024-09-08 15:35:16,867 - GetDetectDevTempBydevid   devid:bj200301
2024-09-08 15:36:36,987 - GetDetectDevTempBydevid   devid:bj200301
2024-09-08 15:36:54,337 - GetDetectDevTempBydevid   devid:bj200301
2024-09-08 15:40:55,952 - GetDetectDevStateBydevid   devid:bj200301
2024-09-08 15:41:14,522 - GetDetectDevStateBydevid   devid:bj200337
2024-09-08 15:42:29,666 - GetDetectDevStateBydevid   devid:bj200337
2024-09-08 15:42:47,494 - GetDetectDevTempList 
2024-09-08 15:43:41,691 - GetDetectDevTempList 
2024-09-08 16:10:29,185 - GetVisitationPlan 
2024-09-08 16:10:47,179 - GetVisitationPlan 
2024-09-14 17:16:09,397 - DeleteStationInfo   id:2
2024-09-14 17:16:54,926 - UpdateMsgFlag   id:2,flag:1
2025-03-29 16:02:38,811 - DeleteStationInfo   id:3
2025-03-29 16:38:25,747 - GetCurAlarmList   token:None,pagesize:2,pagenum:1
2025-03-29 16:40:05,817 - GetCurAlarmList   token:None,pagesize:5,pagenum:1
2025-03-29 16:40:50,825 - GetCurAlarmList   token:None,pagesize:5,pagenum:1
2025-03-29 16:40:57,119 - GetCurAlarmList   token:None,pagesize:2,pagenum:1
2025-03-29 16:44:56,986 - GetCurAlarmList   token:None,pagesize:2,pagenum:1
2025-03-29 16:45:41,809 - GetCurAlarmList   token:None,pagesize:2,pagenum:1
2025-03-29 16:46:15,241 - GetCurAlarmList   token:None,pagesize:2,pagenum:1
2025-03-29 16:49:58,414 - GetCurAlarmList   token:None,pagesize:2,pagenum:1
2025-03-29 16:50:26,017 - AddErrorTypeAlarm  modelid:2  errortype:2,errorname:火,alarmtype:4,tips:1111
2025-03-29 16:50:38,384 - GetCurAlarmList   token:None,pagesize:2,pagenum:1
2025-03-29 16:51:01,549 - GetCurAlarmList   token:None,pagesize:2,pagenum:1
2025-03-29 16:51:27,032 - AddErrorTypeAlarm  modelid:2  errortype:2,errorname:火,alarmtype:4,tips:1111
2025-03-29 16:51:30,348 - GetCurAlarmList   token:None,pagesize:2,pagenum:1
2025-03-29 16:51:46,313 - GetCurAlarmList   token:None,pagesize:11,pagenum:1
2025-03-29 16:53:30,482 - GetCurAlarmList   token:None,pagesize:11,pagenum:1
2025-03-29 16:53:37,113 - DeleteErrorTypeAlarm   errortype:5
2025-03-29 16:53:40,785 - GetCurAlarmList   token:None,pagesize:11,pagenum:1
2025-03-30 16:41:10,062 - GetCurAlarmMaxID   token:None
2025-03-30 16:41:15,974 - GetCurAlarmMaxID   token:None
2025-03-30 16:41:42,334 - GetCurAlarmMaxID   token:None
2025-03-30 16:50:44,075 - GetCurAlarmMaxID   token:None
2025-04-07 16:48:09,629 - GetCurAlarmMaxID   token:None
2025-04-07 16:49:01,106 - GetCurAlarmList   token:None,pagesize:5,pagenum:1
2025-04-07 16:49:01,138 - getlist totaldata:[{'cnt': 50}]
2025-04-07 16:54:36,190 - GetCurAlarmList   token:None,pagesize:10,pagenum:1
2025-04-07 16:54:36,191 - GetCurAlarmList   token:None,pagesize:10,pagenum:1
2025-04-07 16:54:36,212 - getlist totaldata:[{'cnt': 37}]
2025-04-07 16:54:47,842 - GetCurAlarmList   token:None,pagesize:10,pagenum:1
2025-04-07 16:54:47,844 - GetCurAlarmList   token:None,pagesize:10,pagenum:1
2025-04-07 16:54:47,864 - getlist totaldata:[{'cnt': 37}]
2025-04-07 16:54:58,260 - GetCurAlarmList   token:None,pagesize:10,pagenum:1
2025-04-07 16:54:58,262 - GetCurAlarmList   token:None,pagesize:10,pagenum:1
2025-04-07 16:54:58,284 - getlist totaldata:[{'cnt': 37}]
2025-04-07 16:55:03,961 - GetCurAlarmList   token:None,pagesize:10,pagenum:1
2025-04-07 16:55:03,974 - getlist totaldata:[{'cnt': 50}]
2025-04-07 16:55:03,987 - GetCurAlarmList   token:None,pagesize:10,pagenum:1
2025-04-07 16:55:04,000 - getlist totaldata:[{'cnt': 37}]
2025-04-07 16:56:46,066 - GetCurAlarmList   token:None,pagesize:10,pagenum:1
2025-04-07 16:56:46,067 - GetCurAlarmList   token:None,pagesize:10,pagenum:1
2025-04-07 16:56:46,082 - getlist totaldata:[{'cnt': 50}]
2025-04-07 16:56:48,289 - GetCurAlarmList   token:None,pagesize:10,pagenum:1
2025-04-07 16:56:48,290 - GetCurAlarmList   token:None,pagesize:10,pagenum:1
2025-04-07 16:57:04,668 - GetCurAlarmList   token:None,pagesize:10,pagenum:1
2025-04-07 16:57:04,683 - getlist totaldata:[{'cnt': 50}]
2025-04-07 16:57:04,689 - GetCurAlarmList   token:None,pagesize:10,pagenum:1
2025-04-07 16:57:04,703 - getlist totaldata:[{'cnt': 37}]
2025-04-07 16:57:32,137 - GetCurAlarmList   token:None,pagesize:10,pagenum:1
2025-04-07 16:57:32,139 - GetCurAlarmList   token:None,pagesize:10,pagenum:1
2025-04-07 16:57:32,160 - getlist totaldata:[{'cnt': 37}]
2025-04-07 16:57:38,605 - GetCurAlarmList   token:None,pagesize:10,pagenum:1
2025-04-07 16:57:38,606 - GetCurAlarmList   token:None,pagesize:10,pagenum:1
2025-04-07 16:57:38,627 - getlist totaldata:[{'cnt': 37}]
2025-04-07 16:57:46,944 - GetCurAlarmList   token:None,pagesize:10,pagenum:1
2025-04-07 16:57:46,945 - GetCurAlarmList   token:None,pagesize:10,pagenum:1
2025-04-07 16:57:46,967 - getlist totaldata:[{'cnt': 37}]
2025-04-07 16:57:49,744 - GetCurAlarmList   token:None,pagesize:10,pagenum:1
2025-04-07 16:57:49,757 - getlist totaldata:[{'cnt': 50}]
2025-04-07 16:57:49,768 - GetCurAlarmList   token:None,pagesize:10,pagenum:1
2025-04-07 16:57:49,781 - getlist totaldata:[{'cnt': 37}]
2025-04-07 16:59:07,701 - GetCurAlarmList   token:None,pagesize:10,pagenum:1
2025-04-07 16:59:07,701 - GetCurAlarmList   token:None,pagesize:10,pagenum:1
2025-04-07 16:59:07,716 - getlist totaldata:[{'cnt': 50}]
2025-04-07 16:59:22,235 - GetCurAlarmList   token:None,pagesize:10,pagenum:1
2025-04-07 16:59:22,237 - GetCurAlarmList   token:None,pagesize:10,pagenum:1
2025-04-07 16:59:22,258 - getlist totaldata:[{'cnt': 37}]
2025-04-07 16:59:28,078 - GetCurAlarmList   token:None,pagesize:10,pagenum:1
2025-04-07 16:59:28,092 - getlist totaldata:[{'cnt': 50}]
2025-04-07 16:59:28,100 - GetCurAlarmList   token:None,pagesize:10,pagenum:1
2025-04-07 16:59:28,113 - getlist totaldata:[{'cnt': 37}]
2025-04-07 17:00:06,841 - GetCurAlarmList   token:None,pagesize:10,pagenum:1
2025-04-07 17:00:06,842 - GetCurAlarmList   token:None,pagesize:10,pagenum:1
2025-04-07 17:00:06,864 - getlist totaldata:[{'cnt': 37}]
2025-04-07 17:00:14,583 - GetCurAlarmList   token:None,pagesize:10,pagenum:1
2025-04-07 17:00:14,596 - getlist totaldata:[{'cnt': 50}]
2025-04-07 17:00:14,604 - GetCurAlarmList   token:None,pagesize:10,pagenum:1
2025-04-07 17:00:14,617 - getlist totaldata:[{'cnt': 37}]
2025-04-07 17:00:16,087 - GetCurAlarmList   token:None,pagesize:10,pagenum:2
2025-04-07 17:00:16,100 - getlist totaldata:[{'cnt': 50}]
2025-04-07 17:00:18,298 - GetCurAlarmList   token:None,pagesize:10,pagenum:3
2025-04-07 17:00:18,311 - getlist totaldata:[{'cnt': 50}]
2025-04-07 17:01:49,164 - GetCurAlarmList   token:None,pagesize:10,pagenum:1
2025-04-07 17:01:49,176 - getlist totaldata:[{'cnt': 50}]
2025-04-07 17:01:51,055 - GetCurAlarmList   token:None,pagesize:10,pagenum:2
2025-04-07 17:01:51,068 - getlist totaldata:[{'cnt': 50}]
2025-04-07 17:01:52,408 - GetCurAlarmList   token:None,pagesize:10,pagenum:1
2025-04-07 17:01:52,421 - getlist totaldata:[{'cnt': 50}]
2025-04-07 17:02:53,139 - GetCurAlarmList   token:None,pagesize:10,pagenum:1
2025-04-07 17:02:53,139 - GetCurAlarmList   token:None,pagesize:10,pagenum:1
2025-04-07 17:02:53,154 - getlist totaldata:[{'cnt': 37}]
2025-04-07 17:03:17,245 - GetCurAlarmList   token:None,pagesize:10,pagenum:1
2025-04-07 17:03:17,246 - GetCurAlarmList   token:None,pagesize:10,pagenum:1
2025-04-07 17:03:17,266 - getlist totaldata:[{'cnt': 37}]
2025-04-07 17:04:12,961 - GetCurAlarmList   token:None,pagesize:10,pagenum:1
2025-04-07 17:04:12,961 - GetCurAlarmList   token:None,pagesize:10,pagenum:1
2025-04-07 17:04:12,977 - getlist totaldata:[{'cnt': 37}]
2025-04-07 17:09:17,035 - GetCurAlarmList   token:None,pagesize:10,pagenum:1
2025-04-07 17:09:17,039 - GetCurAlarmList   token:None,pagesize:10,pagenum:1
2025-04-07 17:09:17,056 - getlist totaldata:[{'cnt': 37}]
2025-04-07 18:20:20,865 - GetCurAlarmList   token:None,pagesize:10,pagenum:1
2025-04-07 18:20:20,866 - GetCurAlarmList   token:None,pagesize:10,pagenum:1
2025-04-07 18:20:20,881 - getlist totaldata:[{'cnt': 37}]
2025-04-07 18:56:30,466 - GetCurAlarmList   token:None,pagesize:10,pagenum:1
2025-04-07 18:56:30,468 - GetCurAlarmList   token:None,pagesize:10,pagenum:1
2025-04-07 18:56:30,488 - getlist totaldata:[{'cnt': 37}]
2025-04-08 03:29:39,584 - GetCurAlarmList   token:None,pagesize:10,pagenum:1
2025-04-08 03:29:39,586 - GetCurAlarmList   token:None,pagesize:10,pagenum:1
2025-04-08 15:17:25,468 - GetCurAlarmList   token:None,pagesize:10,pagenum:1
2025-04-08 15:17:25,470 - GetCurAlarmList   token:None,pagesize:10,pagenum:1
2025-04-08 15:17:31,212 - GetCurAlarmList   token:None,pagesize:10,pagenum:1
2025-04-08 15:17:31,214 - GetCurAlarmList   token:None,pagesize:10,pagenum:1
2025-04-08 15:17:31,229 - getlist totaldata:[{'cnt': 37}]
2025-04-08 15:19:28,152 - GetCurAlarmList   token:None,pagesize:10,pagenum:1
2025-04-08 15:19:28,153 - GetCurAlarmList   token:None,pagesize:10,pagenum:1
2025-04-08 15:19:28,168 - getlist totaldata:[{'cnt': 50}]
2025-04-08 15:19:34,551 - GetCurAlarmList   token:None,pagesize:10,pagenum:1
2025-04-08 15:19:34,551 - GetCurAlarmList   token:None,pagesize:10,pagenum:1
2025-04-08 15:19:34,565 - getlist totaldata:[{'cnt': 50}]
2025-04-08 15:20:26,687 - GetCurAlarmList   token:None,pagesize:10,pagenum:1
2025-04-08 15:20:26,687 - GetCurAlarmList   token:None,pagesize:10,pagenum:1
2025-04-08 15:20:26,701 - getlist totaldata:[{'cnt': 50}]
2025-04-08 15:23:37,935 - GetCurAlarmList   token:None,pagesize:10,pagenum:1
2025-04-08 15:23:37,948 - getlist totaldata:[{'cnt': 50}]
2025-04-08 15:30:15,459 - GetCurAlarmList   token:None,pagesize:10,pagenum:1
2025-04-08 15:30:15,472 - getlist totaldata:[{'cnt': 50}]
2025-04-08 15:30:18,356 - GetCurAlarmList   token:None,pagesize:10,pagenum:2
2025-04-08 15:30:18,369 - getlist totaldata:[{'cnt': 50}]
2025-04-08 15:32:37,268 - GetCurAlarmList   token:None,pagesize:10,pagenum:1
2025-04-08 15:32:37,281 - getlist totaldata:[{'cnt': 50}]
2025-04-08 15:32:56,588 - GetCurAlarmList   token:None,pagesize:10,pagenum:2
2025-04-08 15:32:56,601 - getlist totaldata:[{'cnt': 50}]
2025-04-08 15:32:58,802 - GetCurAlarmList   token:None,pagesize:10,pagenum:3
2025-04-08 15:32:58,815 - getlist totaldata:[{'cnt': 50}]
2025-04-08 15:32:59,184 - GetCurAlarmList   token:None,pagesize:10,pagenum:4
2025-04-08 15:32:59,200 - getlist totaldata:[{'cnt': 50}]
2025-04-08 15:33:00,033 - GetCurAlarmList   token:None,pagesize:10,pagenum:5
2025-04-08 15:33:00,046 - getlist totaldata:[{'cnt': 50}]
2025-04-08 15:33:01,524 - GetCurAlarmList   token:None,pagesize:10,pagenum:1
2025-04-08 15:33:01,537 - getlist totaldata:[{'cnt': 50}]
2025-04-08 15:33:03,737 - GetCurAlarmList   token:None,pagesize:10,pagenum:2
2025-04-08 15:33:03,749 - getlist totaldata:[{'cnt': 50}]
2025-04-08 15:33:04,720 - GetCurAlarmList   token:None,pagesize:10,pagenum:1
2025-04-08 15:33:04,733 - getlist totaldata:[{'cnt': 50}]
2025-04-08 15:33:06,506 - GetCurAlarmList   token:None,pagesize:10,pagenum:2
2025-04-08 15:33:06,519 - getlist totaldata:[{'cnt': 50}]
2025-04-08 15:33:07,403 - GetCurAlarmList   token:None,pagesize:10,pagenum:1
2025-04-08 15:33:07,416 - getlist totaldata:[{'cnt': 50}]
2025-04-08 15:35:36,491 - GetCurAlarmList   token:None,pagesize:10,pagenum:1
2025-04-08 15:35:36,504 - getlist totaldata:[{'cnt': 50}]
2025-04-08 15:35:49,553 - GetCurAlarmList   token:None,pagesize:10,pagenum:1
2025-04-08 15:35:49,566 - getlist totaldata:[{'cnt': 50}]
2025-04-08 15:35:56,267 - GetCurAlarmList   token:None,pagesize:10,pagenum:2
2025-04-08 15:35:56,280 - getlist totaldata:[{'cnt': 50}]
2025-04-08 15:35:57,380 - GetCurAlarmList   token:None,pagesize:10,pagenum:3
2025-04-08 15:35:57,393 - getlist totaldata:[{'cnt': 50}]
2025-04-08 15:35:58,529 - GetCurAlarmList   token:None,pagesize:10,pagenum:4
2025-04-08 15:35:58,542 - getlist totaldata:[{'cnt': 50}]
2025-04-08 15:35:59,030 - GetCurAlarmList   token:None,pagesize:10,pagenum:5
2025-04-08 15:35:59,043 - getlist totaldata:[{'cnt': 50}]
2025-04-08 15:36:00,998 - GetCurAlarmList   token:None,pagesize:10,pagenum:1
2025-04-08 15:36:01,011 - getlist totaldata:[{'cnt': 50}]
2025-04-08 15:36:04,139 - GetCurAlarmList   token:None,pagesize:10,pagenum:5
2025-04-08 15:36:04,151 - getlist totaldata:[{'cnt': 50}]
2025-04-08 15:36:05,729 - GetCurAlarmList   token:None,pagesize:10,pagenum:1
2025-04-08 15:36:05,742 - getlist totaldata:[{'cnt': 50}]
2025-04-08 15:37:04,836 - GetCurAlarmList   token:None,pagesize:10,pagenum:5
2025-04-08 15:37:04,849 - getlist totaldata:[{'cnt': 50}]
2025-04-08 15:37:07,205 - GetCurAlarmList   token:None,pagesize:10,pagenum:1
2025-04-08 15:37:07,218 - getlist totaldata:[{'cnt': 50}]
2025-04-08 22:14:33,490 - GetCurAlarmList   token:None,pagesize:10,pagenum:1
2025-04-08 22:14:33,504 - getlist totaldata:[{'cnt': 50}]
2025-04-08 22:15:03,764 - GetCurAlarmList   token:None,pagesize:10,pagenum:1
2025-04-08 22:15:03,778 - getlist totaldata:[{'cnt': 50}]
2025-04-08 22:15:53,018 - GetCurAlarmList   token:None,pagesize:10,pagenum:1
2025-04-08 22:15:53,031 - getlist totaldata:[{'cnt': 50}]
2025-04-11 10:12:39,467 - GetCurAlarmList   token:None,pagesize:10,pagenum:1
2025-04-11 10:12:39,482 - getlist totaldata:[{'cnt': 50}]
2025-04-11 10:21:49,995 - GetCamListByStation   id:1
2025-04-14 18:21:03,221 - GetVisitationPlan 
2025-05-07 09:37:36,115 - GetStationDVRList   stationid:1
2025-05-07 09:41:35,272 - GetStationDVRList   stationid:1
2025-05-07 09:41:56,159 - GetStationDVRList   stationid:1
2025-05-07 09:42:16,277 - GetStationDVRList   stationid:1
2025-05-07 09:42:36,080 - GetStationDVRList   stationid:1
2025-05-07 09:42:55,425 - GetStationDVRList   stationid:1
2025-05-07 09:43:53,612 - GetStationDVRList   stationid:1
2025-05-07 09:45:39,170 - GetStationDVRList   stationid:1
2025-05-07 09:46:53,122 - GetStationDVRList   stationid:1
2025-05-07 09:48:24,583 - GetVisitationPlan 
2025-05-07 09:50:50,205 - GetCurAlarmList   token:None,pagesize:10,pagenum:1
2025-05-07 09:50:50,208 - getlist totaldata:[{'cnt': 3}]
2025-05-07 09:58:47,285 - GetCamListByStation   id:1
2025-05-07 10:02:08,656 - GetCamListByStation   id:1
2025-05-07 10:03:40,606 - GetCamListByStation   id:1
2025-05-07 10:06:46,676 - GetDetectDevStateList 
2025-05-07 10:06:46,886 - GetCamListByStation   id:1
2025-05-07 10:07:07,382 - GetCamListByStation   id:1
2025-05-07 10:10:04,407 - GetCurAlarmList   token:None,pagesize:10,pagenum:1
2025-05-07 10:10:04,409 - getlist totaldata:[{'cnt': 3}]
2025-05-07 10:14:13,192 - GetCurAlarmList   token:None,pagesize:10,pagenum:1
2025-05-07 10:14:13,195 - getlist totaldata:[{'cnt': 3}]
2025-05-07 10:15:28,918 - GetCurAlarmList   token:None,pagesize:10,pagenum:1
2025-05-07 10:15:28,920 - getlist totaldata:[{'cnt': 3}]
2025-05-07 10:16:12,178 - GetCurAlarmList   token:None,pagesize:10,pagenum:1
2025-05-07 10:16:12,180 - getlist totaldata:[{'cnt': 3}]
2025-05-07 10:16:12,491 - GetCurAlarmList   token:None,pagesize:10,pagenum:1
2025-05-07 10:20:15,673 - GetCamListByStation   id:1
2025-05-07 10:20:19,694 - GetCamListByStation   id:1
2025-05-07 10:21:01,117 - GetStationDVRList   stationid:1
2025-05-07 10:21:06,271 - GetStationDVRList   stationid:1
2025-05-07 10:21:39,172 - GetCurAlarmList   token:None,pagesize:11,pagenum:1
2025-05-07 10:21:54,988 - GetCurAlarmList   token:None,pagesize:11,pagenum:0
2025-05-07 10:22:02,548 - GetCurAlarmList   token:None,pagesize:11,pagenum:1
2025-05-07 10:22:19,443 - GetCurAlarmList   token:None,pagesize:11,pagenum:1
2025-05-07 10:22:31,708 - GetCurAlarmList   token:None,pagesize:11,pagenum:1
2025-05-07 10:22:51,897 - GetCamListByStation   id:1
2025-05-07 10:23:42,416 - GetCurAlarmList   token:None,pagesize:10,pagenum:1
2025-05-07 10:23:42,419 - getlist totaldata:[{'cnt': 3}]
2025-05-07 10:23:42,525 - GetCurAlarmList   token:None,pagesize:10,pagenum:1
2025-05-07 10:24:33,138 - GetCamListByStation   id:1
2025-05-07 10:24:35,107 - GetCurAlarmList   token:None,pagesize:10,pagenum:1
2025-05-07 10:24:35,107 - GetCurAlarmList   token:None,pagesize:10,pagenum:1
2025-05-07 10:24:35,111 - getlist totaldata:[{'cnt': 3}]
2025-05-07 10:24:35,816 - GetCamListByStation   id:1
2025-05-07 10:24:38,750 - GetCamListByStation   id:1
2025-05-07 10:24:40,141 - GetStationDVRList   stationid:1
2025-05-07 10:27:16,370 - GetStationDVRList   stationid:1
2025-05-07 10:31:59,624 - GetStationDVRList   stationid:1
2025-05-07 10:33:53,759 - GetStationDVRList   stationid:1
2025-05-07 10:33:57,091 - GetStationDVRList   stationid:1
2025-05-07 10:34:04,308 - GetStationDVRList   stationid:1
2025-05-07 10:34:21,442 - GetStationDVRList   stationid:1
2025-05-07 10:34:33,032 - GetStationDVRList   stationid:1
2025-05-07 10:34:36,260 - GetStationDVRList   stationid:1
2025-05-07 10:35:20,200 - GetCurAlarmList   token:None,pagesize:10,pagenum:1
2025-05-07 10:35:20,201 - GetCurAlarmList   token:None,pagesize:10,pagenum:1
2025-05-07 10:35:23,024 - GetCurAlarmList   token:None,pagesize:10,pagenum:1
2025-05-07 10:35:23,024 - GetCurAlarmList   token:None,pagesize:10,pagenum:1
2025-05-07 10:35:23,028 - getlist totaldata:[{'cnt': 3}]
2025-05-07 10:35:52,177 - GetCurAlarmList   token:None,pagesize:10,pagenum:1
2025-05-07 10:35:52,179 - getlist totaldata:[{'cnt': 3}]
2025-05-07 10:36:06,230 - GetCurAlarmList   token:None,pagesize:10,pagenum:1
2025-05-07 10:36:06,232 - getlist totaldata:[{'cnt': 3}]
2025-05-07 10:36:38,651 - GetCurAlarmList   token:None,pagesize:10,pagenum:1
2025-05-07 10:36:38,654 - getlist totaldata:[{'cnt': 3}]
2025-05-07 10:37:14,808 - GetCurAlarmList   token:None,pagesize:10,pagenum:1
2025-05-07 10:37:14,810 - getlist totaldata:[{'cnt': 3}]
2025-05-07 10:37:19,116 - GetCurAlarmList   token:None,pagesize:10,pagenum:1
2025-05-07 10:37:19,116 - UpdateMsgFlag   id:139,flag:1
2025-05-07 10:37:41,487 - GetCurAlarmList   token:None,pagesize:10,pagenum:1
2025-05-07 10:37:41,489 - getlist totaldata:[{'cnt': 3}]
2025-05-07 10:37:43,574 - UpdateMsgFlag   id:139,flag:1
2025-05-07 10:37:43,574 - GetCurAlarmList   token:None,pagesize:10,pagenum:1
2025-05-07 10:38:16,640 - GetCurAlarmList   token:None,pagesize:10,pagenum:1
2025-05-07 10:38:16,643 - getlist totaldata:[{'cnt': 3}]
2025-05-07 10:38:19,078 - UpdateMsgFlag   id:139,flag:1
2025-05-07 10:38:19,431 - GetCurAlarmList   token:None,pagesize:10,pagenum:1
2025-05-07 10:38:19,433 - getlist totaldata:[{'cnt': 3}]
2025-05-07 10:38:43,870 - GetCamListByStation   id:1
2025-05-07 10:39:01,086 - GetStationDVRList   stationid:1
2025-05-07 10:39:56,750 - GetCamListByStation   id:1
2025-05-07 10:40:02,716 - GetCamListByStation   id:1
2025-05-07 10:49:41,334 - GetStationDVRList   stationid:1
2025-05-07 10:50:35,679 - GetStationDVRList   stationid:1
2025-05-07 10:51:21,641 - GetStationDVRList   stationid:1
2025-05-07 11:04:50,449 - GetVisitationPlan 
2025-05-07 11:04:55,090 - GetStationDVRList   stationid:1
2025-05-07 11:04:58,516 - GetCurAlarmList   token:None,pagesize:10,pagenum:1
2025-05-07 11:04:58,518 - getlist totaldata:[{'cnt': 3}]
2025-05-07 11:05:05,318 - GetCamListByStation   id:1
2025-05-07 11:05:55,505 - GetCurAlarmList   token:None,pagesize:10,pagenum:1
2025-05-07 11:05:55,507 - getlist totaldata:[{'cnt': 3}]
2025-05-07 14:16:33,779 - GetStationDVRList   stationid:1
2025-05-07 14:16:35,719 - GetVisitationPlan 
2025-05-07 14:16:37,424 - GetStationDVRList   stationid:1
2025-05-07 14:16:42,829 - GetVisitationPlan 
2025-05-07 14:16:51,879 - GetStationDVRList   stationid:1
2025-05-07 14:16:56,144 - GetVisitationPlan 
2025-05-07 14:17:00,615 - GetCurAlarmList   token:None,pagesize:10,pagenum:1
2025-05-07 14:17:00,618 - getlist totaldata:[{'cnt': 3}]
2025-05-07 14:17:05,529 - GetCamListByStation   id:1
2025-05-07 14:17:10,874 - GetCamListByStation   id:1
2025-05-07 14:17:12,663 - GetCamListByStation   id:1
2025-05-07 14:17:16,897 - GetCamListByStation   id:1
2025-05-07 14:17:22,144 - GetStationDVRList   stationid:1
2025-05-07 14:17:25,306 - GetCamListByStation   id:1
2025-05-07 14:17:47,194 - GetStationDVRList   stationid:1
2025-05-07 14:20:15,546 - GetCamListByStation   id:1
2025-05-07 16:43:36,017 - GetStationDVRList   stationid:1
2025-05-08 10:48:11,963 - GetVisitationPlan 
2025-05-08 11:00:43,755 - GetCurAlarmList   token:None,pagesize:10,pagenum:1
2025-05-08 11:00:43,758 - getlist totaldata:[{'cnt': 3}]
2025-05-08 11:00:45,995 - GetCamListByStation   id:1
2025-05-08 11:01:55,659 - GetCurAlarmList   token:None,pagesize:10,pagenum:1
2025-05-08 11:01:55,662 - getlist totaldata:[{'cnt': 3}]
2025-05-08 11:02:01,003 - GetCamListByStation   id:1
2025-05-08 11:02:02,160 - GetVisitationPlan 
2025-05-08 11:02:03,382 - GetStationDVRList   stationid:1
2025-05-08 11:02:04,032 - GetVisitationPlan 
2025-05-08 11:08:01,020 - GetCurAlarmList   token:None,pagesize:10,pagenum:1
2025-05-08 11:08:01,023 - getlist totaldata:[{'cnt': 3}]
2025-05-08 11:08:03,803 - GetVisitationPlan 
2025-05-08 11:08:04,838 - GetStationDVRList   stationid:1
2025-05-08 11:08:05,829 - GetVisitationPlan 
2025-05-08 11:08:38,971 - GetVisitationPlan 
2025-05-08 11:08:41,882 - GetStationDVRList   stationid:1
2025-05-08 11:08:42,676 - GetVisitationPlan 
2025-05-08 11:08:43,787 - GetStationDVRList   stationid:1
2025-05-08 11:08:46,655 - GetCurAlarmList   token:None,pagesize:10,pagenum:1
2025-05-08 11:08:46,657 - getlist totaldata:[{'cnt': 3}]
2025-05-08 11:08:51,514 - GetCamListByStation   id:1
2025-05-08 11:09:21,024 - GetCurAlarmList   token:None,pagesize:10,pagenum:1
2025-05-08 11:09:21,027 - getlist totaldata:[{'cnt': 3}]
2025-05-08 11:12:47,777 - GetStationDVRList   stationid:1
2025-05-08 11:12:53,042 - GetVisitationPlan 
2025-05-08 11:12:58,174 - GetCurAlarmList   token:None,pagesize:10,pagenum:1
2025-05-08 11:12:58,176 - getlist totaldata:[{'cnt': 3}]
2025-05-08 11:12:59,988 - GetCamListByStation   id:1
2025-05-08 11:14:29,031 - GetStationDVRList   stationid:1
2025-05-08 11:34:44,516 - GetStationDVRList   stationid:1
2025-05-08 12:04:04,267 - GetCurAlarmList   token:None,pagesize:10,pagenum:1
2025-05-08 12:04:04,270 - getlist totaldata:[{'cnt': 3}]
2025-05-08 12:04:57,256 - GetCamListByStation   id:1
2025-05-08 12:16:39,338 - GetCurAlarmList   token:None,pagesize:10,pagenum:1
2025-05-08 12:16:39,340 - getlist totaldata:[{'cnt': 3}]
2025-05-08 12:16:41,271 - GetVisitationPlan 
2025-05-08 12:24:15,960 - GetCurAlarmList   token:None,pagesize:10,pagenum:1
2025-05-08 12:24:15,962 - getlist totaldata:[{'cnt': 3}]
2025-05-08 12:31:54,644 - GetCamListByStation   id:1
2025-05-08 12:31:57,143 - GetCamListByStation   id:1
2025-05-08 12:48:13,609 - GetStationDVRList   stationid:1
2025-05-08 12:58:41,842 - UpdateMsgFlag   id:1,flag:0
2025-05-08 12:58:51,169 - UpdateMsgFlag   id:1,flag:1
2025-05-08 13:33:40,179 - GetCamListByStation   id:1
2025-05-12 10:06:51,340 - GetCurAlarmList   token:None,pagesize:10,pagenum:1
2025-05-12 10:06:51,344 - getlist totaldata:[{'cnt': 3}]
2025-05-12 10:06:56,768 - GetStationDVRList   stationid:1
2025-05-12 10:06:58,265 - GetVisitationPlan 
2025-05-12 10:07:00,018 - GetCurAlarmList   token:None,pagesize:10,pagenum:1
2025-05-12 10:07:00,020 - getlist totaldata:[{'cnt': 3}]
2025-05-12 10:07:01,350 - GetCamListByStation   id:1
2025-05-12 10:07:18,098 - GetStationDVRList   stationid:1
2025-05-12 10:20:50,723 - GetStationDVRList   stationid:1
2025-05-12 16:31:46,249 - GetStationDVRList   stationid:1
2025-05-12 16:31:53,235 - GetCurAlarmList   token:None,pagesize:10,pagenum:1
2025-05-12 16:31:53,237 - getlist totaldata:[{'cnt': 3}]
2025-05-12 16:31:54,572 - GetVisitationPlan 
2025-05-12 16:31:55,305 - GetStationDVRList   stationid:1
2025-05-12 16:31:56,080 - GetVisitationPlan 
2025-05-12 16:31:58,266 - GetVisitationPlan 
2025-05-12 16:32:00,802 - GetStationDVRList   stationid:1
2025-05-12 16:32:01,538 - GetVisitationPlan 
2025-05-12 16:32:03,062 - GetCurAlarmList   token:None,pagesize:10,pagenum:1
2025-05-12 16:32:03,064 - getlist totaldata:[{'cnt': 3}]
2025-05-12 16:32:04,262 - GetCamListByStation   id:1
2025-05-14 10:48:59,454 - GetVisitationPlan 
2025-05-14 10:50:43,161 - GetVisitationPlan 
2025-05-14 10:51:23,690 - GetVisitationPlan 
2025-05-14 10:52:02,655 - GetVisitationPlan 
2025-05-14 10:52:38,013 - GetVisitationPlan 
2025-05-14 11:03:37,403 - GetCamListByStation   id:1
2025-05-14 11:03:39,775 - GetCamListByStation   id:1
2025-05-14 11:04:04,980 - GetCurAlarmList   token:None,pagesize:10,pagenum:1
2025-05-14 11:04:04,982 - getlist totaldata:[{'cnt': 3}]
2025-05-14 11:04:16,630 - UpdateMsgFlag   id:139,flag:1
2025-05-14 11:04:16,657 - GetCurAlarmList   token:None,pagesize:10,pagenum:1
2025-05-14 11:04:16,660 - getlist totaldata:[{'cnt': 3}]
2025-05-14 11:04:22,634 - GetCurAlarmList   token:None,pagesize:10,pagenum:1
2025-05-14 11:04:22,636 - getlist totaldata:[{'cnt': 3}]
2025-05-14 11:04:40,935 - GetCamListByStation   id:1
2025-05-14 11:09:42,076 - GetCamListByStation   id:1
2025-05-14 11:09:45,736 - GetCurAlarmList   token:None,pagesize:10,pagenum:1
2025-05-14 11:09:45,737 - getlist totaldata:[{'cnt': 3}]
2025-05-15 08:40:00,044 - GetCurAlarmList   token:None,pagesize:10,pagenum:1
2025-05-15 08:40:04,712 - GetCurAlarmList   token:None,pagesize:10,pagenum:1
2025-05-15 08:40:29,674 - GetCurAlarmList   token:None,pagesize:10,pagenum:1
2025-05-15 10:16:08,502 - GetCurAlarmList   token:None,pagesize:11,pagenum:1
2025-05-15 10:16:08,505 - getlist totaldata:[{'cnt': 3}]
2025-05-15 10:17:52,489 - GetStationDVRList   stationid:1
2025-05-15 10:18:35,312 - GetStationDVRList   stationid:1
2025-05-15 10:18:41,854 - GetCurAlarmList   token:None,pagesize:10,pagenum:1
2025-05-15 10:18:41,856 - getlist totaldata:[{'cnt': 3}]
2025-05-15 10:20:38,156 - GetCurAlarmList   token:None,pagesize:10,pagenum:1
2025-05-15 10:20:38,158 - getlist totaldata:[{'cnt': 3}]
2025-05-15 10:21:15,873 - GetCurAlarmList   token:None,pagesize:10,pagenum:1
2025-05-15 10:21:15,875 - getlist totaldata:[{'cnt': 3}]
2025-05-15 10:22:31,090 - GetCurAlarmList   token:None,pagesize:10,pagenum:1
2025-05-15 10:22:31,092 - getlist totaldata:[{'cnt': 3}]
2025-05-15 10:22:34,570 - GetCurAlarmList   token:None,pagesize:10,pagenum:1
2025-05-15 10:22:34,572 - getlist totaldata:[{'cnt': 3}]
2025-05-15 10:22:42,435 - GetCurAlarmList   token:None,pagesize:10,pagenum:1
2025-05-15 10:22:42,437 - getlist totaldata:[{'cnt': 3}]
2025-05-15 10:22:47,139 - GetCurAlarmList   token:None,pagesize:10,pagenum:1
2025-05-15 10:22:47,141 - getlist totaldata:[{'cnt': 3}]
2025-05-15 10:22:51,551 - GetCurAlarmList   token:None,pagesize:10,pagenum:1
2025-05-15 10:22:51,553 - getlist totaldata:[{'cnt': 3}]
2025-05-15 10:23:01,630 - GetCurAlarmList   token:None,pagesize:10,pagenum:1
2025-05-15 10:23:01,632 - getlist totaldata:[{'cnt': 3}]
2025-05-15 10:23:45,394 - GetCurAlarmList   token:None,pagesize:10,pagenum:1
2025-05-15 10:23:45,396 - getlist totaldata:[{'cnt': 3}]
2025-05-15 10:24:12,596 - GetCurAlarmList   token:None,pagesize:10,pagenum:1
2025-05-15 10:24:12,598 - getlist totaldata:[{'cnt': 3}]
2025-05-15 10:24:18,027 - GetCurAlarmList   token:None,pagesize:10,pagenum:1
2025-05-15 10:24:18,030 - getlist totaldata:[{'cnt': 3}]
2025-05-15 10:24:31,423 - GetCurAlarmList   token:None,pagesize:10,pagenum:1
2025-05-15 10:24:31,425 - getlist totaldata:[{'cnt': 3}]
2025-05-15 10:24:35,962 - UpdateMsgFlag   id:139,flag:1
2025-05-15 10:24:35,982 - UpdateMsgFlag   id:139,flag:1
2025-05-15 10:24:36,000 - GetCurAlarmList   token:None,pagesize:10,pagenum:1
2025-05-15 10:24:36,002 - getlist totaldata:[{'cnt': 3}]
2025-05-15 10:24:36,022 - GetCurAlarmList   token:None,pagesize:10,pagenum:1
2025-05-15 10:24:36,025 - getlist totaldata:[{'cnt': 3}]
2025-05-15 10:24:46,256 - UpdateMsgFlag   id:139,flag:1
2025-05-15 10:24:46,492 - GetCurAlarmList   token:None,pagesize:10,pagenum:1
2025-05-15 10:24:46,494 - getlist totaldata:[{'cnt': 2}]
2025-05-15 10:24:56,826 - UpdateMsgFlag   id:138
2025-05-15 10:24:57,009 - GetCurAlarmList   token:None,pagesize:10,pagenum:1
2025-05-15 10:24:57,011 - getlist totaldata:[{'cnt': 1}]
2025-05-15 10:25:07,615 - UpdateMsgFlag   id:137,flag:1
2025-05-15 10:25:07,869 - GetCurAlarmList   token:None,pagesize:10,pagenum:1
2025-05-15 10:25:07,871 - getlist totaldata:[{'cnt': 1}]
2025-05-15 10:26:18,035 - GetCurAlarmList   token:None,pagesize:10,pagenum:1
2025-05-15 10:26:18,037 - getlist totaldata:[{'cnt': 1}]
2025-05-15 10:28:15,337 - GetCurAlarmList   token:None,pagesize:10,pagenum:1
2025-05-15 10:28:15,339 - getlist totaldata:[{'cnt': 1}]
2025-05-15 10:28:19,820 - GetCurAlarmList   token:None,pagesize:10,pagenum:1
2025-05-15 10:28:19,822 - getlist totaldata:[{'cnt': 1}]
2025-05-15 10:28:40,631 - GetCurAlarmList   token:None,pagesize:10,pagenum:1
2025-05-15 10:28:40,633 - getlist totaldata:[{'cnt': 1}]
2025-05-15 10:28:57,470 - GetCurAlarmList   token:None,pagesize:10,pagenum:1
2025-05-15 10:28:57,472 - getlist totaldata:[{'cnt': 1}]
2025-05-15 10:30:47,193 - GetCurAlarmList   token:None,pagesize:10,pagenum:1
2025-05-15 10:30:47,196 - getlist totaldata:[{'cnt': 1}]
2025-05-15 10:30:59,796 - UpdateMsgFlag   id:137,flag:1
2025-05-15 10:31:00,114 - UpdateMsgFlag   id:137,flag:1
2025-05-15 10:31:00,140 - GetCurAlarmList   token:None,pagesize:10,pagenum:1
2025-05-15 10:31:00,142 - getlist totaldata:[{'cnt': 1}]
2025-05-15 10:31:00,462 - GetCurAlarmList   token:None,pagesize:10,pagenum:1
2025-05-15 10:31:00,464 - getlist totaldata:[{'cnt': 1}]
2025-05-15 10:34:13,220 - GetCurAlarmList   token:None,pagesize:10,pagenum:1
2025-05-15 10:34:13,222 - getlist totaldata:[{'cnt': 1}]
2025-05-15 10:35:44,759 - UpdateMsgFlag   ids:1,2,3,flag:1
2025-05-15 10:36:26,788 - GetCurAlarmList   token:None,pagesize:10,pagenum:1
2025-05-15 10:36:26,790 - getlist totaldata:[{'cnt': 1}]
2025-05-15 10:38:43,839 - GetCurAlarmList   token:None,pagesize:10,pagenum:1
2025-05-15 10:38:43,841 - getlist totaldata:[{'cnt': 1}]
2025-05-15 10:40:07,810 - GetCurAlarmList   token:None,pagesize:10,pagenum:1
2025-05-15 10:40:07,813 - getlist totaldata:[{'cnt': 1}]
2025-05-15 10:40:22,284 - GetAllMsgList   token:None,pagesize:1000,pagenum:1
2025-05-15 10:40:22,286 - getlist totaldata:[{'cnt': 3}]
2025-05-15 10:40:26,935 - GetCurAlarmList   token:None,pagesize:10,pagenum:1
2025-05-15 10:40:26,937 - getlist totaldata:[{'cnt': 1}]
2025-05-15 10:40:28,030 - GetAllMsgList   token:None,pagesize:1000,pagenum:1
2025-05-15 10:40:28,032 - getlist totaldata:[{'cnt': 3}]
2025-05-15 10:42:21,796 - GetAllMsgList   token:None,pagesize:1000,pagenum:1
2025-05-15 10:42:21,798 - getlist totaldata:[{'cnt': 3}]
2025-05-15 10:43:51,399 - GetAllMsgList   token:None,pagesize:1000,pagenum:1
2025-05-15 10:43:51,401 - getlist totaldata:[{'cnt': 3}]
2025-05-15 10:44:50,679 - GetAllMsgList   token:None,pagesize:1000,pagenum:1
2025-05-15 10:44:50,682 - getlist totaldata:[{'cnt': 3}]
2025-05-15 10:46:04,428 - GetAllMsgList   token:None,pagesize:1000,pagenum:1
2025-05-15 10:46:04,431 - getlist totaldata:[{'cnt': 3}]
2025-05-15 10:46:10,583 - GetCurAlarmList   token:None,pagesize:10,pagenum:1
2025-05-15 10:46:10,586 - getlist totaldata:[{'cnt': 1}]
2025-05-15 10:46:15,130 - GetAllMsgList   token:None,pagesize:1000,pagenum:1
2025-05-15 10:46:15,132 - getlist totaldata:[{'cnt': 3}]
2025-05-15 10:46:30,514 - GetCurAlarmList   token:None,pagesize:10,pagenum:1
2025-05-15 10:46:30,517 - getlist totaldata:[{'cnt': 1}]
2025-05-15 10:46:32,649 - GetCurAlarmList   token:None,pagesize:10,pagenum:1
2025-05-15 10:46:32,651 - getlist totaldata:[{'cnt': 1}]
2025-05-15 10:48:04,918 - GetStationDVRList   stationid:1
2025-05-15 10:48:06,100 - GetVisitationPlan 
2025-05-15 10:48:07,442 - GetStationDVRList   stationid:1
2025-05-15 10:48:08,492 - GetCurAlarmList   token:None,pagesize:10,pagenum:1
2025-05-15 10:48:08,494 - getlist totaldata:[{'cnt': 1}]
2025-05-15 10:49:31,783 - GetStationDVRList   stationid:2
2025-05-15 10:49:36,144 - GetStationDVRList   stationid:1
2025-05-15 10:51:08,005 - GetStationDVRList   stationid:2
2025-05-15 10:51:10,437 - GetStationDVRList   stationid:1
2025-05-15 10:51:12,079 - GetStationDVRCamList   stationid:1
2025-05-15 10:51:25,692 - GetStationDVRCamList   stationid:1
2025-05-15 10:51:26,063 - GetStationDVRCamList   stationid:1
2025-05-15 10:51:28,321 - GetStationDVRCamList   stationid:1
2025-05-15 10:52:27,578 - GetCurAlarmList   token:None,pagesize:10,pagenum:1
2025-05-15 10:52:27,580 - getlist totaldata:[{'cnt': 1}]
2025-05-15 10:53:01,256 - GetCurAlarmList   token:None,pagesize:10,pagenum:1
2025-05-15 10:53:01,259 - getlist totaldata:[{'cnt': 1}]
2025-05-15 10:53:07,397 - GetCurAlarmList   token:None,pagesize:10,pagenum:1
2025-05-15 10:53:07,399 - getlist totaldata:[{'cnt': 1}]
2025-05-15 10:53:39,518 - GetCurAlarmList   token:None,pagesize:10,pagenum:1
2025-05-15 10:53:39,520 - getlist totaldata:[{'cnt': 1}]
2025-05-15 11:01:27,477 - GetStationDVRList   stationid:1
2025-05-15 11:01:30,817 - GetStationDVRCamList   stationid:2
2025-05-15 11:01:35,421 - GetStationDVRCamList   stationid:1
2025-05-15 11:01:37,279 - GetStationDVRCamList   stationid:3
2025-05-15 11:01:39,217 - GetStationDVRCamList   stationid:4
2025-05-15 11:01:41,453 - GetStationDVRCamList   stationid:5
2025-05-15 11:01:42,459 - GetStationDVRCamList   stationid:6
2025-05-15 11:01:44,030 - GetStationDVRCamList   stationid:7
2025-05-15 11:01:44,940 - GetStationDVRCamList   stationid:8
2025-05-15 11:01:47,428 - GetStationDVRCamList   stationid:28
2025-05-15 11:01:49,751 - GetStationDVRCamList   stationid:1
2025-05-15 11:01:50,060 - GetStationDVRCamList   stationid:1
2025-05-15 11:01:52,146 - GetStationDVRCamList   stationid:1
2025-05-15 11:01:52,194 - GetStationDVRCamList   stationid:1
2025-05-15 11:01:55,735 - GetStationDVRCamList   stationid:1
2025-05-15 11:03:09,678 - GetStationDVRList   stationid:1
2025-05-15 11:08:56,507 - GetStationDVRList   stationid:1
2025-05-15 11:09:23,199 - GetStationDVRList   stationid:1
2025-05-15 11:10:35,884 - GetStationDVRList   stationid:1
2025-05-15 11:10:41,560 - GetStationDVRList   stationid:1
2025-05-15 11:10:42,004 - GetStationDVRList   stationid:1
2025-05-15 11:10:43,979 - GetStationDVRCamList   stationid:1
2025-05-15 11:10:45,652 - GetStationDVRList   stationid:1
2025-05-15 11:10:47,945 - GetStationDVRList   stationid:1
2025-05-15 11:10:48,539 - GetStationDVRCamList   stationid:2
2025-05-15 11:10:49,853 - GetStationDVRCamList   stationid:3
2025-05-15 11:11:33,839 - GetStationDVRList   stationid:1
2025-05-15 11:11:41,080 - GetStationDVRCamList   stationid:1
2025-05-15 11:11:44,746 - GetStationDVRList   stationid:1
2025-05-15 11:11:47,352 - GetStationDVRList   stationid:1
2025-05-15 11:12:10,208 - GetStationDVRList   stationid:1
2025-05-15 11:13:50,015 - GetStationDVRList   stationid:1
2025-05-15 11:16:46,308 - GetStationDVRList   stationid:1
2025-05-15 11:16:59,925 - GetStationDVRList   stationid:1
2025-05-15 11:18:05,055 - GetStationDVRCamList   stationid:1
2025-05-15 11:18:24,950 - AddStationDVRCam   camera_id:1,camera_name:大跳台1,dvr_id:1,channel:0,roomid:0,realserialnum:
2025-05-15 11:18:25,302 - GetStationDVRCamList   stationid:1
2025-05-15 11:18:28,543 - GetStationDVRCamList   stationid:1
2025-05-15 11:18:29,473 - GetStationDVRCamList   stationid:1
2025-05-15 11:18:30,265 - GetStationDVRCamList   stationid:2
2025-05-15 11:18:32,291 - GetStationDVRCamList   stationid:1
2025-05-15 11:18:32,794 - GetStationDVRCamList   stationid:1
2025-05-15 11:18:43,330 - AddStationDVRCam   camera_name:大跳台2,dvr_id:1,channel:0,roomid:0,realserialnum:
2025-05-15 11:18:43,599 - GetStationDVRCamList   stationid:1
2025-05-15 11:26:06,062 - GetStationDVRList   stationid:1
2025-05-15 11:26:33,055 - GetStationDVRCamList   stationid:1
2025-05-15 11:26:35,542 - GetStationDVRCamList   stationid:1
2025-05-15 11:26:35,886 - GetStationDVRCamList   stationid:1
2025-05-15 11:28:43,562 - GetStationDVRList   stationid:1
2025-05-15 11:28:51,352 - GetStationDVRCamList   stationid:2
2025-05-15 11:30:02,590 - GetStationDVRList   stationid:1
2025-05-15 11:30:31,660 - GetStationDVRList   stationid:1
2025-05-15 11:30:32,985 - GetStationDVRCamList   stationid:2
2025-05-15 11:30:34,397 - GetStationDVRCamList   stationid:1
2025-05-15 11:30:35,976 - GetStationDVRList   stationid:1
2025-05-15 11:32:40,877 - GetStationDVRList   stationid:1
2025-05-15 11:37:00,556 - GetStationDVRList   stationid:1
2025-05-15 11:38:16,899 - GetStationDVRList   stationid:1
2025-05-15 11:38:53,057 - GetStationDVRList   stationid:1
2025-05-15 12:03:22,878 - GetStationDVRList   stationid:1
2025-05-15 12:03:23,132 - GetStationDVRList   stationid:1
2025-05-15 12:03:45,247 - GetStationDVRList   stationid:1
2025-05-15 12:03:50,048 - GetStationDVRCamList   stationid:1
2025-05-15 12:03:53,396 - GetStationDVRCamList   stationid:1
2025-05-15 12:03:53,791 - GetStationDVRCamList   stationid:1
2025-05-15 12:04:22,459 - GetStationDVRCamList   stationid:2
2025-05-15 12:04:24,278 - GetStationDVRCamList   stationid:2
2025-05-15 12:04:31,368 - GetStationDVRCamList   stationid:2
2025-05-15 12:04:32,570 - GetStationDVRCamList   stationid:1
2025-05-15 12:04:34,538 - GetStationDVRCamList   stationid:2
2025-05-15 12:04:35,137 - GetStationDVRCamList   stationid:2
2025-05-15 12:04:36,325 - GetStationDVRCamList   stationid:2
2025-05-15 12:04:36,325 - GetStationDVRCamList   stationid:2
2025-05-15 12:04:36,579 - GetStationDVRCamList   stationid:1
2025-05-15 12:04:43,819 - GetStationDVRCamList   stationid:2
2025-05-15 12:04:49,851 - GetStationDVRCamList   stationid:3
2025-05-15 12:05:22,246 - GetStationDVRList   stationid:1
2025-05-15 12:05:23,251 - GetStationDVRCamList   stationid:1
2025-05-15 12:05:25,896 - GetStationDVRCamList   stationid:1
2025-05-15 12:05:26,188 - GetStationDVRCamList   stationid:1
2025-05-15 12:06:08,618 - GetStationDVRList   stationid:1
2025-05-15 12:06:10,346 - GetStationDVRCamList   stationid:1
2025-05-15 12:07:34,653 - GetStationDVRList   stationid:1
2025-05-15 12:07:35,104 - GetStationDVRList   stationid:1
2025-05-15 12:07:36,267 - GetStationDVRList   stationid:1
2025-05-15 12:07:36,620 - GetStationDVRCamList   stationid:1
2025-05-15 12:07:37,696 - GetStationDVRCamList   stationid:2
2025-05-15 12:07:37,985 - GetStationDVRCamList   stationid:3
2025-05-15 12:07:38,346 - GetStationDVRCamList   stationid:3
2025-05-15 12:07:39,062 - GetStationDVRCamList   stationid:1
2025-05-15 12:07:40,008 - GetStationDVRCamList   stationid:4
2025-05-15 12:07:40,316 - GetStationDVRCamList   stationid:5
2025-05-15 12:07:41,184 - GetStationDVRCamList   stationid:8
2025-05-15 12:07:41,439 - GetStationDVRCamList   stationid:14
2025-05-15 12:07:42,112 - GetStationDVRCamList   stationid:19
2025-05-15 12:07:46,095 - GetStationDVRCamList   stationid:1
2025-05-15 12:08:47,296 - GetStationDVRList   stationid:1
2025-05-15 12:08:48,914 - GetStationDVRList   stationid:1
2025-05-15 12:11:20,873 - GetCurAlarmList   token:None,pagesize:10,pagenum:1
2025-05-15 12:11:20,875 - getlist totaldata:[{'cnt': 1}]
2025-05-15 12:11:26,247 - GetStationDVRList   stationid:1
2025-05-15 12:11:33,889 - GetStationDVRCamList   stationid:1
2025-05-15 12:11:35,859 - GetStationDVRList   stationid:1
2025-05-15 12:11:37,126 - GetStationDVRList   stationid:1
2025-05-15 12:11:37,177 - GetStationDVRList   stationid:1
2025-05-15 12:11:37,682 - GetStationDVRList   stationid:1
2025-05-15 12:11:39,820 - GetCamListByStation   id:1
2025-05-15 12:12:14,250 - GetCamListByStation   id:1
2025-05-15 12:12:53,474 - GetCamListByStation   id:1
2025-05-15 12:12:56,074 - GetCamListByStation   id:1
2025-05-15 12:12:58,447 - GetCamListByStation   id:1
2025-05-15 12:13:02,340 - GetCamListByStation   id:1
2025-05-15 12:13:05,209 - GetCamListByStation   id:1
2025-05-15 12:13:09,000 - GetCurAlarmList   token:None,pagesize:10,pagenum:1
2025-05-15 12:13:09,003 - getlist totaldata:[{'cnt': 1}]
2025-05-15 12:13:10,429 - GetCamListByStation   id:1
2025-05-15 12:13:11,363 - GetCurAlarmList   token:None,pagesize:10,pagenum:1
2025-05-15 12:13:11,365 - getlist totaldata:[{'cnt': 1}]
2025-05-15 12:13:14,540 - UpdateMsgFlag   id:137,flag:1
2025-05-15 12:13:14,794 - GetCurAlarmList   token:None,pagesize:10,pagenum:1
2025-05-15 12:13:14,796 - getlist totaldata:[{'cnt': 0}]
2025-05-15 12:13:20,397 - GetCurAlarmList   token:None,pagesize:10,pagenum:1
2025-05-15 12:13:20,398 - getlist totaldata:[{'cnt': 0}]
2025-05-15 12:13:45,323 - GetAllMsgList   token:None,pagesize:1000,pagenum:1
2025-05-15 12:13:45,325 - getlist totaldata:[{'cnt': 3}]
2025-05-15 12:14:12,505 - GetStationDVRList   stationid:1
2025-05-15 12:14:12,508 - GetStationDVRList   stationid:1
2025-05-15 12:14:16,979 - GetCamListByStation   id:1
2025-05-15 12:15:32,653 - GetStationDVRList   stationid:1
2025-05-15 12:18:46,497 - GetCamListByStation   id:1
2025-05-15 12:20:48,712 - GetStationDVRList   stationid:1
2025-05-15 12:21:12,513 - GetStationDVRList   stationid:1
2025-05-15 12:21:25,487 - GetStationDVRCamList   stationid:1
2025-05-15 12:22:11,526 - GetCurAlarmList   token:None,pagesize:10,pagenum:1
2025-05-15 12:22:11,528 - getlist totaldata:[{'cnt': 0}]
2025-05-15 12:22:16,458 - GetCamListByStation   id:1
2025-05-15 14:29:10,449 - GetCurAlarmList   token:None,pagesize:10,pagenum:1
2025-05-15 14:29:10,451 - getlist totaldata:[{'cnt': 0}]
2025-05-15 14:29:12,230 - GetCamListByStation   id:1
2025-05-15 14:29:13,067 - GetCurAlarmList   token:None,pagesize:10,pagenum:1
2025-05-15 14:29:13,069 - getlist totaldata:[{'cnt': 0}]
2025-05-15 14:29:17,696 - GetAllMsgList   token:None,pagesize:1000,pagenum:1
2025-05-15 14:29:17,699 - getlist totaldata:[{'cnt': 3}]
2025-05-15 14:31:01,082 - GetCurAlarmList   token:None,pagesize:10,pagenum:1
2025-05-15 14:31:01,084 - getlist totaldata:[{'cnt': 0}]
2025-05-15 14:35:42,909 - GetCamListByStation   id:1
2025-05-15 14:36:31,265 - GetCamListByStation   id:1
2025-05-15 14:38:35,175 - GetCamListByStation   id:1
2025-05-15 14:38:41,136 - GetStationDVRList   stationid:1
2025-05-15 14:38:44,497 - GetStationDVRList   stationid:1
2025-05-15 14:38:48,092 - GetVisitationPlan 
2025-05-15 14:38:49,598 - GetStationDVRList   stationid:1
2025-05-15 14:39:09,554 - GetStationDVRList   stationid:1
2025-05-15 14:39:53,626 - GetStationDVRList   stationid:1
2025-05-15 14:39:57,734 - GetVisitationPlan 
2025-05-15 14:39:58,817 - GetStationDVRList   stationid:1
2025-05-15 14:43:00,788 - GetStationDVRList   stationid:1
2025-05-15 14:43:05,238 - GetStationDVRList   stationid:1
2025-05-15 14:48:28,228 - GetAllMsgList   token:None,pagesize:1000,pagenum:1
2025-05-15 14:48:28,231 - getlist totaldata:[{'cnt': 3}]
2025-05-15 14:48:30,304 - GetAllMsgList   token:None,pagesize:1000,pagenum:1
2025-05-15 14:48:30,306 - getlist totaldata:[{'cnt': 3}]
2025-05-15 14:48:32,063 - GetCamListByStation   id:1
2025-05-15 14:48:39,048 - GetCamListByStation   id:1
2025-05-15 14:48:54,973 - GetStationDVRList   stationid:1
2025-05-15 14:52:59,829 - GetVisitationPlan 
2025-05-15 14:53:01,715 - GetStationDVRList   stationid:1
2025-05-15 14:53:02,090 - GetCurAlarmList   token:None,pagesize:10,pagenum:1
2025-05-15 14:53:02,092 - getlist totaldata:[{'cnt': 0}]
2025-05-15 14:53:04,115 - GetCamListByStation   id:1
2025-05-15 14:53:11,519 - GetCamListByStation   id:1
2025-05-15 15:32:43,938 - GetStationDVRList   stationid:1
2025-05-15 15:36:11,652 - GetStationDVRList   stationid:1
2025-05-15 15:36:14,398 - GetStationDVRList   stationid:1
2025-05-15 15:41:48,358 - GetStationDVRList   stationid:1
2025-05-15 15:42:24,602 - GetStationDVRList   stationid:1
2025-05-15 15:44:03,570 - GetStationDVRList   stationid:1
2025-05-15 15:46:52,668 - GetStationDVRList   stationid:1
2025-05-15 15:52:58,659 - GetDetectDevStateList 
2025-05-15 15:52:59,310 - GetStationDVRList   stationid:1
2025-05-15 15:53:01,342 - GetDetectDevStateList 
2025-05-15 15:53:01,379 - GetStationDVRList   stationid:1
2025-05-15 15:58:59,372 - GetDetectDevStateList 
2025-05-15 16:00:47,050 - UpdateMsgFlag   id:1,stationid:1,info:测试1
2025-05-15 16:08:21,088 - UpdateMsgFlag   id:2,stationid:1,info:321
2025-05-15 16:08:24,127 - DeleteStationInfo   id:2
2025-05-15 16:08:39,703 - GetDetectDevStateList 
2025-05-15 16:08:40,021 - GetStationDVRList   stationid:1
2025-05-15 16:08:45,242 - GetCamListByStation   id:1
2025-05-15 16:08:47,073 - GetDetectDevStateList 
2025-05-15 16:08:47,713 - GetStationDVRList   stationid:1
2025-05-15 16:09:39,966 - GetDetectDevStateList 
2025-05-15 16:09:39,996 - GetStationDVRList   stationid:1
2025-05-15 16:09:55,022 - GetDetectDevStateList 
2025-05-15 16:10:27,834 - GetDetectDevStateList 
2025-05-15 16:10:28,484 - GetStationDVRList   stationid:1
2025-05-15 16:18:53,010 - GetDetectDevStateList 
2025-05-15 16:18:53,351 - GetStationDVRList   stationid:1
2025-05-15 16:22:23,408 - GetDetectDevStateList 
2025-05-15 16:22:23,720 - GetStationDVRList   stationid:1
2025-05-15 16:22:28,121 - GetDetectDevStateList 
2025-05-15 16:22:28,764 - GetStationDVRList   stationid:1
2025-05-15 16:23:04,646 - GetDetectDevStateList 
2025-05-15 16:23:07,076 - GetDetectDevStateList 
2025-05-15 16:23:07,111 - GetStationDVRList   stationid:1
2025-05-15 16:23:09,350 - GetDetectDevStateList 
2025-05-15 16:23:10,690 - GetDetectDevStateList 
2025-05-15 16:23:10,721 - GetStationDVRList   stationid:1
2025-05-15 16:23:33,609 - GetDetectDevStateList 
2025-05-15 16:23:33,643 - GetStationDVRList   stationid:1
2025-05-15 16:24:04,604 - GetDetectDevStateList 
2025-05-15 16:24:04,639 - GetStationDVRList   stationid:1
2025-05-15 16:24:24,989 - GetStationDVRList   stationid:1
2025-05-15 16:24:42,185 - GetStationDVRList   stationid:1
2025-05-15 16:24:58,483 - GetDetectDevStateList 
2025-05-15 16:24:59,125 - GetStationDVRList   stationid:1
2025-05-15 16:26:59,615 - GetDetectDevStateList 
2025-05-15 16:27:00,260 - GetStationDVRList   stationid:1
2025-05-15 16:28:12,181 - GetDetectDevStateList 
2025-05-15 16:28:12,211 - GetStationDVRList   stationid:1
2025-05-15 16:28:37,449 - GetDetectDevStateList 
2025-05-15 16:29:20,548 - GetDetectDevStateList 
2025-05-15 16:29:22,617 - GetDetectDevStateList 
2025-05-15 16:29:23,844 - GetDetectDevStateList 
2025-05-15 16:29:25,511 - GetCurAlarmList   token:None,pagesize:10,pagenum:1
2025-05-15 16:29:25,520 - getlist totaldata:[{'cnt': 0}]
2025-05-15 16:29:29,522 - GetCamListByStation   id:1
2025-05-15 16:29:32,933 - GetDetectDevStateList 
2025-05-15 16:29:33,574 - GetStationDVRList   stationid:1
2025-05-15 16:35:38,628 - GetDetectDevStateList 
2025-05-15 16:35:38,965 - GetStationDVRList   stationid:1
2025-05-15 16:36:42,758 - GetDetectDevStateList 
2025-05-15 16:36:43,095 - GetStationDVRList   stationid:1
2025-05-15 16:43:14,138 - GetStationDVRList   stationid:1
2025-05-15 16:43:18,662 - GetStationDVRList   stationid:1
2025-05-15 16:43:40,124 - GetStationDVRList   stationid:1
2025-05-15 16:44:00,437 - GetStationDVRList   stationid:1
2025-05-15 16:46:06,952 - GetStationDVRList   stationid:1
2025-05-15 16:46:48,408 - AddStationDVR   dvr_id:0,dvr_name:测试,ip:111,port:1,user:11,pwd:11,stationid:1
2025-05-15 16:46:49,018 - GetStationDVRList   stationid:1
2025-05-15 16:46:53,220 - DeleteStationRoom   dvr_id:undefined
2025-05-15 16:47:25,811 - DeleteStationRoom   dvr_id:29
2025-05-15 16:47:26,434 - GetStationDVRList   stationid:1
2025-05-15 16:47:38,163 - AddStationDVR   dvr_id:0,dvr_name:测试,ip:111,port:1,user:11,pwd:11,stationid:1
2025-05-15 16:47:38,775 - GetStationDVRList   stationid:1
2025-05-15 16:47:42,975 - ModifyStationDVR   dvr_id:29,dvr_name:测试,ip:111,port:1,user:11,pwd:113,stationid:1
2025-05-15 16:47:43,587 - ModifyStationDVR   dvr_id:29,dvr_name:测试,ip:111,port:1,user:11,pwd:113,stationid:1
2025-05-15 16:47:43,635 - GetStationDVRList   stationid:1
2025-05-15 16:47:43,922 - GetStationDVRList   stationid:1
2025-05-15 16:47:48,240 - ModifyStationDVR   dvr_id:29,dvr_name:测试,ip:111,port:1,user:113,pwd:113,stationid:1
2025-05-15 16:47:48,841 - GetStationDVRList   stationid:1
2025-05-15 16:47:54,723 - DeleteStationRoom   dvr_id:29
2025-05-15 16:47:55,338 - GetStationDVRList   stationid:1
2025-05-15 16:51:01,749 - GetStationDVRList   stationid:1
2025-05-15 16:51:25,944 - GetStationDVRList   stationid:1
2025-05-15 16:52:55,683 - GetStationDVRList   stationid:1
2025-05-15 16:54:40,962 - GetCamListByStation   id:1
2025-05-15 16:54:41,884 - GetStationDVRList   stationid:1
2025-05-15 16:54:44,843 - GetCamListByStation   id:1
2025-05-15 16:54:45,637 - GetStationDVRList   stationid:1
2025-05-15 16:55:15,794 - DeleteStationInfo   id:2
2025-05-15 18:54:58,041 - GetStationDetectDevList
2025-05-15 21:39:54,564 - GetVisitationPlan 
2025-05-15 21:40:10,342 - GetVisitationPlan 
2025-05-16 09:00:02,505 - GetStationDetectDevList
2025-05-16 09:00:16,842 - GetCurAlarmList   token:None,pagesize:10,pagenum:1
2025-05-16 09:00:16,845 - getlist totaldata:[{'cnt': 0}]
2025-05-16 09:00:19,280 - GetCamListByStation   id:1
2025-05-16 09:00:19,783 - GetStationDetectDevList
2025-05-16 09:00:20,428 - GetStationDVRList   stationid:1
2025-05-16 09:04:11,895 - GetStationDetectDevList
2025-05-16 09:04:12,533 - GetStationDVRList   stationid:1
2025-05-16 09:04:45,065 - GetStationDetectDevList
2025-05-16 09:04:45,727 - GetStationDVRList   stationid:1
2025-05-16 09:05:07,037 - GetStationDetectDevList
2025-05-16 09:05:07,692 - GetStationDVRList   stationid:1
2025-05-16 09:05:32,100 - GetStationDetectDevList
2025-05-16 09:05:32,737 - GetStationDVRList   stationid:1
2025-05-16 09:06:52,290 - AddStationDetectDev   devid:测试123,address:123,modelid:1,
2025-05-16 09:06:59,640 - GetStationDetectDevList
2025-05-16 09:07:04,689 - DeleteStationDetectDev   id:16
2025-05-16 09:07:04,943 - GetStationDetectDevList
2025-05-16 09:07:13,394 - AddStationDetectDev   devid:测试123,address:123,modelid:1,
2025-05-16 09:07:13,774 - GetStationDetectDevList
2025-05-16 09:07:18,463 - ModifyStationDetectDev   id:16,devid:测试123,address:123,modelid:123,
2025-05-16 09:07:18,837 - GetStationDetectDevList
2025-05-16 09:07:24,542 - DeleteStationDetectDev   id:16
2025-05-16 09:07:27,535 - DeleteStationDetectDev   id:16
2025-05-16 09:07:41,568 - DeleteStationDetectDev   id:16
2025-05-16 09:08:07,480 - AddStationDVR   dvr_id:0,dvr_name:213,ip:1,port:1,user:132,pwd:122121,stationid:1
2025-05-16 09:11:03,856 - GetStationDetectDevList
2025-05-16 09:50:17,644 - GetVisitationPlan 
2025-05-16 09:50:32,228 - GetCurAlarmList   token:None,pagesize:10,pagenum:1
2025-05-16 09:50:32,277 - getlist totaldata:[{'cnt': 0}]
2025-05-16 09:51:02,239 - GetCamListByStation   id:1
2025-05-16 09:51:03,139 - GetStationDetectDevList
2025-05-16 09:51:03,781 - GetStationDVRList   stationid:1
2025-05-16 09:51:10,947 - GetCamListByStation   id:1
2025-05-16 09:51:14,228 - GetStationDetectDevList
2025-05-16 09:51:14,869 - GetStationDVRList   stationid:1
2025-05-16 09:51:18,260 - GetStationDVRList   stationid:1
2025-05-16 09:51:39,346 - GetCurAlarmList   token:None,pagesize:10,pagenum:1
2025-05-16 09:51:39,348 - getlist totaldata:[{'cnt': 0}]
2025-05-16 09:51:42,124 - GetCamListByStation   id:1
2025-05-16 09:51:43,085 - GetStationDetectDevList
2025-05-16 09:51:43,423 - GetStationDVRList   stationid:1
2025-05-16 09:51:49,192 - GetCamListByStation   id:1
2025-05-16 09:51:49,733 - GetStationDetectDevList
2025-05-16 09:51:50,386 - GetStationDVRList   stationid:1
2025-05-16 09:52:01,631 - GetStationDetectDevList
2025-05-16 09:52:01,996 - GetStationDVRList   stationid:1
2025-05-16 09:52:25,182 - GetAllMsgList   token:None,pagesize:1000,pagenum:1
2025-05-16 09:52:25,184 - getlist totaldata:[{'cnt': 3}]
2025-05-16 09:52:31,204 - GetAllMsgList   token:None,pagesize:1000,pagenum:1
2025-05-16 09:52:31,206 - getlist totaldata:[{'cnt': 3}]
2025-05-16 09:56:25,528 - GetVisitationPlan 
2025-05-16 09:56:33,110 - GetVisitationPlan 
2025-05-16 09:57:18,715 - GetVisitationPlan 
2025-05-16 09:58:02,239 - GetStationDevTypeList
2025-05-16 09:58:25,406 - GetStationDetectDevList
2025-05-16 09:59:19,099 - GetCurAlarmList   token:None,pagesize:10,pagenum:1
2025-05-16 09:59:19,101 - getlist totaldata:[{'cnt': 0}]
2025-05-16 09:59:21,161 - GetCamListByStation   id:1
2025-05-16 09:59:22,145 - GetStationDetectDevList
2025-05-16 09:59:22,463 - GetStationDVRList   stationid:1
2025-05-16 10:01:50,480 - GetCurAlarmList   token:None,pagesize:10,pagenum:1
2025-05-16 10:01:50,482 - getlist totaldata:[{'cnt': 0}]
2025-05-16 10:01:57,722 - GetCamListByStation   id:1
2025-05-16 10:01:58,623 - GetStationDetectDevList
2025-05-16 10:01:58,938 - GetStationDVRList   stationid:1
2025-05-16 10:02:00,475 - GetStationDetectDevList
2025-05-16 10:02:00,505 - GetStationDVRList   stationid:1
2025-05-16 10:02:09,205 - GetStationDetectDevList
2025-05-16 10:02:09,241 - GetStationDVRList   stationid:1
2025-05-16 10:02:38,291 - GetCamListByStation   id:1
2025-05-16 10:02:38,786 - GetStationDetectDevList
2025-05-16 10:02:39,437 - GetStationDVRList   stationid:1
2025-05-16 10:02:52,330 - GetAllMsgList   token:None,pagesize:1000,pagenum:1
2025-05-16 10:02:52,332 - getlist totaldata:[{'cnt': 3}]
2025-05-16 10:51:42,742 - GetCurAlarmList   token:None,pagesize:10,pagenum:1
2025-05-16 10:51:42,744 - getlist totaldata:[{'cnt': 0}]
2025-05-16 11:09:17,118 - GetCurAlarmList   token:None,pagesize:10,pagenum:1
2025-05-16 11:09:17,120 - getlist totaldata:[{'cnt': 0}]
2025-05-16 11:09:31,501 - GetCamListByStation   id:1
2025-05-16 11:09:32,504 - GetStationDetectDevList
2025-05-16 11:09:33,152 - GetStationDVRList   stationid:1
2025-05-16 11:09:35,647 - GetCamListByStation   id:1
2025-05-16 11:09:35,711 - GetStationDetectDevList
2025-05-16 11:09:36,027 - GetStationDVRList   stationid:1
2025-05-16 11:09:38,886 - GetStationDetectDevList
2025-05-16 11:09:38,907 - GetStationDVRList   stationid:1
2025-05-16 12:05:41,345 - GetCurAlarmList   token:None,pagesize:10,pagenum:1
2025-05-16 12:05:41,352 - getlist totaldata:[{'cnt': 0}]
2025-05-16 12:05:44,372 - GetAllMsgList   token:None,pagesize:1000,pagenum:1
2025-05-16 12:05:44,374 - getlist totaldata:[{'cnt': 3}]
2025-05-16 12:05:46,923 - GetCurAlarmList   token:None,pagesize:10,pagenum:1
2025-05-16 12:05:46,925 - getlist totaldata:[{'cnt': 0}]
2025-05-16 12:05:49,344 - GetStationDVRList   stationid:1
2025-05-16 12:05:50,197 - GetVisitationPlan 
2025-05-16 12:05:53,066 - GetAllMsgList   token:None,pagesize:1000,pagenum:1
2025-05-16 12:05:53,068 - getlist totaldata:[{'cnt': 3}]
2025-05-16 12:05:58,394 - GetAllMsgList   token:None,pagesize:1000,pagenum:1
2025-05-16 12:05:58,397 - getlist totaldata:[{'cnt': 3}]
2025-05-16 12:06:14,569 - GetCurAlarmMaxID   token:None
2025-05-16 14:01:17,815 - GetStationDVRList   stationid:1
2025-05-16 14:09:35,852 - GetStationDVRList   stationid:1
2025-05-16 14:09:40,721 - GetVisitationPlan 
2025-05-16 14:10:42,325 - GetVisitationPlan 
2025-05-16 14:10:46,916 - GetCamListByStation   id:1
2025-05-16 14:10:48,053 - GetStationDetectDevList
2025-05-16 14:10:48,414 - GetStationDVRList   stationid:1
2025-05-16 14:19:07,581 - GetCurAlarmMaxID   token:None
2025-05-16 14:19:30,528 - GetCurAlarmMaxID   token:None
2025-05-16 14:20:32,609 - GetCurAlarmList   token:None,pagesize:10,pagenum:1
2025-05-16 14:20:32,611 - getlist totaldata:[{'cnt': 0}]
2025-05-16 14:20:39,310 - GetCurAlarmList   token:None,pagesize:10,pagenum:1
2025-05-16 14:20:39,311 - getlist totaldata:[{'cnt': 0}]
2025-05-16 14:31:38,284 - GetStationDevTypeList
2025-05-16 14:31:54,160 - GetStationDetectDevList
2025-05-16 14:32:41,714 - GetAllMsgList   token:None,pagesize:1000,pagenum:1
2025-05-16 14:32:41,717 - getlist totaldata:[{'cnt': 3}]
2025-05-16 14:32:43,888 - GetStationDetectDevList
2025-05-16 14:32:44,247 - GetStationDVRList   stationid:1
2025-05-16 14:33:07,370 - GetStationDetectDevList
2025-05-16 14:33:43,124 - GetCamListByStation   id:1
2025-05-16 14:33:43,611 - GetStationDetectDevList
2025-05-16 14:33:44,259 - GetStationDVRList   stationid:1
2025-05-16 14:33:46,767 - GetStationDetectDevList
2025-05-16 14:33:47,122 - GetStationDVRList   stationid:1
2025-05-16 14:33:51,981 - GetAllMsgList   token:None,pagesize:1000,pagenum:1
2025-05-16 14:33:51,983 - getlist totaldata:[{'cnt': 3}]
2025-05-16 14:37:50,022 - GetStationDetectDevList
2025-05-16 14:37:50,282 - GetStationDVRList   stationid:1
2025-05-16 14:39:56,732 - GetStationDetectDevList
2025-05-16 14:44:56,106 - GetStationDetectDevList
2025-05-16 14:44:57,958 - GetStationDetectDevList
2025-05-16 14:44:59,151 - GetStationDetectDevList
2025-05-16 14:45:01,766 - GetStationDetectDevList
2025-05-16 14:45:02,779 - GetStationDetectDevList
2025-05-16 14:45:03,636 - GetStationDetectDevList
2025-05-16 14:45:04,502 - GetStationDetectDevList
2025-05-16 14:45:05,752 - GetStationDetectDevList
2025-05-16 14:56:26,238 - GetStationDetectDevList
2025-05-16 14:58:49,668 - GetStationDetectDevList
2025-05-16 14:58:50,010 - GetStationDVRList   stationid:1
2025-05-16 14:58:57,376 - GetStationDetectDevList
2025-05-16 19:34:24,608 - GetCurAlarmMaxID   token:None
2025-05-16 19:40:07,938 - GetCurAlarmMaxID   token:None
2025-05-16 19:40:22,693 - GetCurAlarmMaxID   token:None
2025-05-16 19:41:00,333 - GetCurAlarmMaxID   token:None
2025-05-16 19:42:01,869 - GetCurAlarmMaxID   token:None
2025-05-16 19:42:45,068 - GetCurAlarmMaxID   token:None
